/Users/jaumepuig/Documents/growth-hackathon/assets/A-006-chest/generate.py:29: DeprecationWarning: 'Material.use_nodes' is expected to be removed in Blender 6.0
  material=bpy.data.materials.new('treasure_palette'); material.use_nodes=True
INFO Draco is available, use library at /Applications/Blender.app/Contents/Resources/5.2/scripts/addons_core/io_scene_gltf2/libbf_intern_draco_bridge.dylib
INFO MeshOptimizer is available, use library at /Applications/Blender.app/Contents/Resources/5.2/scripts/addons_core/io_scene_gltf2/libbf_intern_meshopt_bridge.dylib
22:29:44 | INFO: Starting glTF 2.0 export
22:29:44 | INFO: Extracting primitive: chest_body_geometry
22:29:44 | WARNING: More than one shader node tex image used for a texture. The resulting glTF sampler will behave like the first shader node tex image.
22:29:44 | INFO: Primitives created: 1
22:29:44 | INFO: Extracting primitive: chest_lid_geometry
22:29:44 | INFO: Primitives created: 1
22:29:44 | INFO: Finished glTF 2.0 export in 0.02035212516784668 s

22:29:44 | INFO: Starting glTF 2.0 export
22:29:44 | INFO: Extracting primitive: buried_mesh_geometry
22:29:44 | WARNING: More than one shader node tex image used for a texture. The resulting glTF sampler will behave like the first shader node tex image.
22:29:44 | INFO: Primitives created: 1
22:29:44 | INFO: Finished glTF 2.0 export in 0.0046160221099853516 s

Info: Saved as "chest_source.blend"
CHEST_EXPORT_COMPLETE
Blender 5.2.2 LTS (hash d13f752e3b9c built 2026-09-15 01:49:19)

Blender quit
